// Jest Snapshot v1, https://goo.gl/fbAQLP

exports[`Dropdown Render Test Dropdown renders correctly  1`] = `ReactWrapper {}`;
