// Jest Snapshot v1, https://goo.gl/fbAQLP

exports[`Researchers Render Test Researchers view renders correctly  1`] = `ReactWrapper {}`;
