// Jest Snapshot v1, https://goo.gl/fbAQLP

exports[`Project Render Test Project renders correctly  1`] = `ReactWrapper {}`;
