// Jest Snapshot v1, https://goo.gl/fbAQLP

exports[`Home Render Test Home renders correctly  1`] = `ReactWrapper {}`;
