// Jest Snapshot v1, https://goo.gl/fbAQLP

exports[`Navbar Render Test Navbar renders correctly  1`] = `ReactWrapper {}`;
