// Jest Snapshot v1, https://goo.gl/fbAQLP

exports[`Footer Render Test Footer renders correctly  1`] = `ReactWrapper {}`;
