// Jest Snapshot v1, https://goo.gl/fbAQLP

exports[`Publications Render Test Publications renders correctly  1`] = `ReactWrapper {}`;
