// Jest Snapshot v1, https://goo.gl/fbAQLP

exports[`Page404 Render Test Page404 renders correctly  1`] = `ReactWrapper {}`;
