// Jest Snapshot v1, https://goo.gl/fbAQLP

exports[`Modal Render Test Modal renders correctly  1`] = `ReactWrapper {}`;
